<?xml version="1.0" encoding="utf-8"?>
<TestRun id="cfea90d1-ab18-4425-8cac-34e9e62fc271" name="tiago@LAPTOP-11FJTGSP 2021-02-18 11:55:08" runUser="LAPTOP-11FJTGSP\tiago" xmlns="http://microsoft.com/schemas/VisualStudio/TeamTest/2010">
  <Times creation="2021-02-18T11:55:08.6686434+00:00" queuing="2021-02-18T11:55:08.6686441+00:00" start="2021-02-18T11:55:07.6382404+00:00" finish="2021-02-18T11:55:08.6729464+00:00" />
  <TestSettings name="default" id="9a8751a0-8eeb-4d10-a1e6-f7a4f35d2810">
    <Deployment runDeploymentRoot="tiago_LAPTOP-11FJTGSP_2021-02-18_11_55_08" />
  </TestSettings>
  <Results>
    <UnitTestResult executionId="285a078c-ed15-4f51-b984-7e5a951d7b3a" testId="d7e43bfa-78cf-e907-c464-1ac6555f1793" testName="Simple Google search" computerName="LAPTOP-11FJTGSP" duration="00:00:00.0195900" startTime="2021-02-18T11:55:08.5642550+00:00" endTime="2021-02-18T11:55:08.5642553+00:00" testType="13cdc9d9-ddb5-4fa4-a97d-d965ccfc6d4b" outcome="Passed" testListId="8c84fa94-04c1-424b-9868-57a2d4851a1d" relativeResultsDirectory="285a078c-ed15-4f51-b984-7e5a951d7b3a">
      <Output>
        <StdOut>Given I am on the Google search page&#xD;
-&gt; done: GoogleSearchSteps.GivenIAmOnTheGoogleSearchPage() (0,0s)&#xD;
When I search phrase "dinosaur"&#xD;
-&gt; done: GoogleSearchSteps.WhenISearchPhrase(""dinosaur"") (0,0s)&#xD;
Then results for "dinosaur" are displayed&#xD;
-&gt; done: GoogleSearchSteps.ThenResultsForAreDisplayed(""dinosaur"") (0,0s)</StdOut>
      </Output>
    </UnitTestResult>
    <UnitTestResult executionId="ae97e178-458e-4158-ba72-1ec905482b54" testId="c97663e4-31ca-d7de-dc8c-7b8c03e627d6" testName="Check 2 Strings" computerName="LAPTOP-11FJTGSP" duration="00:00:00.0195934" startTime="2021-02-18T11:55:08.5642756+00:00" endTime="2021-02-18T11:55:08.5642757+00:00" testType="13cdc9d9-ddb5-4fa4-a97d-d965ccfc6d4b" outcome="Passed" testListId="8c84fa94-04c1-424b-9868-57a2d4851a1d" relativeResultsDirectory="ae97e178-458e-4158-ba72-1ec905482b54">
      <Output>
        <StdOut>When I enter strings 'F.C.Porto' and 'F.C.Porto'&#xD;
-&gt; done: CheckIfStringsAreEqual.WhenTheTwoStringsAreSet("'F.C.Porto'", "'F.C.Porto'") (0,0s)&#xD;
Then they should be equal&#xD;
-&gt; done: CheckIfStringsAreEqual.ThenTheyShoudBeEqual() (0,0s)</StdOut>
      </Output>
    </UnitTestResult>
    <UnitTestResult executionId="d13a70d0-49eb-492a-b56a-2b45871aad39" testId="5f5659bd-e0c9-252f-eed1-ccfae558de82" testName="Add two numbers" computerName="LAPTOP-11FJTGSP" duration="00:00:00.0195898" startTime="2021-02-18T11:55:08.5617275+00:00" endTime="2021-02-18T11:55:08.5617512+00:00" testType="13cdc9d9-ddb5-4fa4-a97d-d965ccfc6d4b" outcome="Passed" testListId="8c84fa94-04c1-424b-9868-57a2d4851a1d" relativeResultsDirectory="d13a70d0-49eb-492a-b56a-2b45871aad39">
      <Output>
        <StdOut>When I add 2 and 3&#xD;
-&gt; done: AdditionStepDefinitions.WhenTheTwoNumbersAreAdded(2, 3) (0,0s)&#xD;
Then the result should be 5&#xD;
-&gt; done: AdditionStepDefinitions.ThenTheResultShouldBe(5) (0,0s)</StdOut>
      </Output>
    </UnitTestResult>
  </Results>
  <TestDefinitions>
    <UnitTest name="Check 2 Strings" storage="c:\users\tiago\documents\github\specflow_tests\demo\bin\debug\net5.0\demo.dll" id="c97663e4-31ca-d7de-dc8c-7b8c03e627d6">
      <Execution id="ae97e178-458e-4158-ba72-1ec905482b54" />
      <TestMethod codeBase="C:\Users\tiago\Documents\GitHub\SpecFlow_Tests\Demo\bin\Debug\net5.0\Demo.dll" adapterTypeName="executor://xunit/VsTestRunner2/netcoreapp" className="Demo.Src.Features.StringFeature" name="Check2Strings" />
    </UnitTest>
    <UnitTest name="Add two numbers" storage="c:\users\tiago\documents\github\specflow_tests\demo\bin\debug\net5.0\demo.dll" id="5f5659bd-e0c9-252f-eed1-ccfae558de82">
      <Execution id="d13a70d0-49eb-492a-b56a-2b45871aad39" />
      <TestMethod codeBase="C:\Users\tiago\Documents\GitHub\SpecFlow_Tests\Demo\bin\Debug\net5.0\Demo.dll" adapterTypeName="executor://xunit/VsTestRunner2/netcoreapp" className="Demo.Src.Features.AddFeature" name="AddTwoNumbers" />
    </UnitTest>
    <UnitTest name="Simple Google search" storage="c:\users\tiago\documents\github\specflow_tests\demo\bin\debug\net5.0\demo.dll" id="d7e43bfa-78cf-e907-c464-1ac6555f1793">
      <Execution id="285a078c-ed15-4f51-b984-7e5a951d7b3a" />
      <TestMethod codeBase="C:\Users\tiago\Documents\GitHub\SpecFlow_Tests\Demo\bin\Debug\net5.0\Demo.dll" adapterTypeName="executor://xunit/VsTestRunner2/netcoreapp" className="Demo.Src.Features.GoogleSearchFeature" name="SimpleGoogleSearch" />
    </UnitTest>
  </TestDefinitions>
  <TestEntries>
    <TestEntry testId="d7e43bfa-78cf-e907-c464-1ac6555f1793" executionId="285a078c-ed15-4f51-b984-7e5a951d7b3a" testListId="8c84fa94-04c1-424b-9868-57a2d4851a1d" />
    <TestEntry testId="c97663e4-31ca-d7de-dc8c-7b8c03e627d6" executionId="ae97e178-458e-4158-ba72-1ec905482b54" testListId="8c84fa94-04c1-424b-9868-57a2d4851a1d" />
    <TestEntry testId="5f5659bd-e0c9-252f-eed1-ccfae558de82" executionId="d13a70d0-49eb-492a-b56a-2b45871aad39" testListId="8c84fa94-04c1-424b-9868-57a2d4851a1d" />
  </TestEntries>
  <TestLists>
    <TestList name="Results Not in a List" id="8c84fa94-04c1-424b-9868-57a2d4851a1d" />
    <TestList name="All Loaded Results" id="19431567-8539-422a-85d7-44ee4e166bda" />
  </TestLists>
  <ResultSummary outcome="Completed">
    <Counters total="3" executed="3" passed="3" failed="0" error="0" timeout="0" aborted="0" inconclusive="0" passedButRunAborted="0" notRunnable="0" notExecuted="0" disconnected="0" warning="0" completed="0" inProgress="0" pending="0" />
    <Output>
      <StdOut>[xUnit.net 00:00:00.00] xUnit.net VSTest Adapter v2.4.3+1b45f5407b (64-bit .NET 5.0.3)&#xD;
[xUnit.net 00:00:00.29]   Discovering: Demo&#xD;
[xUnit.net 00:00:00.32]   Discovered:  Demo&#xD;
[xUnit.net 00:00:00.32]   Starting:    Demo&#xD;
[xUnit.net 00:00:00.57]   Finished:    Demo&#xD;
</StdOut>
    </Output>
  </ResultSummary>
</TestRun>